// Jest Snapshot v1, https://goo.gl/fbAQLP

exports[`RadioInput renders all answer options correctly 1`] = `null`;
